[gatehousebank.com/personal.html]
[gatehousebank.com/assets/css/gatehouse.min.css]
[code.jquery.com/jquery-3.3.1.min.js]
[gatehousebank.com/favicon/apple-touch-icon.png]
[gatehousebank.com/assets/js/gatehouse.min.js]
[gatehousebank.com/favicon/favicon-32x32.png]
[gatehousebank.com/favicon/favicon-16x16.png]
[gatehousebank.com/favicon/favicon.ico]
[backblue.gif]
[fade.gif]
[index.html]
[gatehousebank.com/humans.txt]
[gatehousebank.com/faqs.html]
[gatehousebank.com/business.html]
[gatehousebank.com/intermediaries.html]
[gatehousebank.com/about-us.html]
[gatehousebank.com/news.html]
[gatehousebank.com/personal/savings.html]
[gatehousebank.com/personal/savings/notice-accounts.html]
[gatehousebank.com/personal/savings/notice-accounts/31-day-notice-account.html]
[gatehousebank.com/personal/savings/notice-accounts/60-day-notice-account.html]
[gatehousebank.com/personal/savings/notice-accounts/95-day-notice-account.html]
[gatehousebank.com/personal/savings/notice-accounts/120-day-notice-account.html]
[gatehousebank.com/personal/savings/fixed-term-deposits.html]
[gatehousebank.com/personal/savings/fixed-term-deposits/1-year-fixed-term-deposit.html]
[gatehousebank.com/personal/savings/fixed-term-deposits/2-year-fixed-term-deposit.html]
[gatehousebank.com/personal/savings/fixed-term-deposits/3-year-fixed-term-deposit.html]
[gatehousebank.com/personal/savings/fixed-term-deposits/5-year-fixed-term-deposit.html]
[gatehousebank.com/personal/savings/how-to-apply.html]
[gatehousebank.com/personal/savings/useful-docs.html]
[gatehousebank.com/personal/savings/savings-faqs.html]
[gatehousebank.com/insights/shariah-property-finance-explained.html]
[gatehousebank.com/personal/home-finance.html]
[gatehousebank.com/personal/home-finance/calculators.html]
[gatehousebank.com/personal/home-finance/calculators/cost-me.html]
[gatehousebank.com/personal/home-finance/calculators/amount.html]
[gatehousebank.com/personal/home-finance/home-finance-products.html]
[gatehousebank.com/personal/home-finance/enquire-about-and-apply-1.html]
[gatehousebank.com/personal/home-finance/home-purchase-plan-faqs.html]
[gatehousebank.com/personal/buy-to-let.html]
[gatehousebank.com/personal/buy-to-let/calculators.html]
[gatehousebank.com/personal/buy-to-let/calculators/buy-to-let-affordability.html]
[gatehousebank.com/personal/buy-to-let/calculators/cost-me.html]
[gatehousebank.com/personal/buy-to-let/calculators/rental-yield-calculator.html]
[gatehousebank.com/personal/buy-to-let/products.html]
[gatehousebank.com/personal/buy-to-let/apply.html]
[gatehousebank.com/images/hero/hero-mobile/_576xAUTO_scale_bottom-center_75_none/Father-and-Daughter_Mobile_Arrow_72dpi_736997836.jpg]
[gatehousebank.com/personal/buy-to-let/buy-to-let-faqs.html]
[gatehousebank.com/images/hero/_1600xAUTO_scale_center-center_75_none/Father-and-Daughter_Desktop_Arrow_72dpi_736997836.jpg]
[gatehousebank.com/images/content/1-calendar.jpg]
[gatehousebank.com/images/content/Heart2.png]
[gatehousebank.com/images/hero/_480xAUTO_scale_center-center_85_none/BW-shutterstock_114133954_mob.jpg]
[gatehousebank.com/images/content/_480xAUTO_scale_center-center_85_none/Family-in-Kitchen_Content_72dpi_968890264.jpg]
[gatehousebank.com/images/content/_480xAUTO_scale_center-center_85_none/Man-in-Office_Content_72dpi_499508872.jpg]
[gatehousebank.com/images/content/_480xAUTO_scale_center-center_85_none/Gatehouse-New-Savings-2019.jpg]
[gatehousebank.com/news/gatehouse-financial-group-celebrates-key-milestones.html]
[gatehousebank.com/news/opportunity-knocks-falling-flat-values-provide-opportunity-for-first-time-buyers.html]
[gatehousebank.com/news/gatehouse-bank-extends-home-finance-offering.html]
[gatehousebank.com/assets/images/footer-arrows.png]
[gatehousebank.com/business/corporate-deposits.html]
[gatehousebank.com/business/commercial-property-finance.html]
[gatehousebank.com/business/commercial-real-estate-finance.html]
[gatehousebank.com/business/prs-build-to-rent.html]
[gatehousebank.com/business/reia.html]
[gatehousebank.com/intermediaries/calculators.html]
[gatehousebank.com/intermediaries/products.html]
[gatehousebank.com/intermediaries/criteria.html]
[gatehousebank.com/intermediaries/why-gatehouse.html]
[gatehousebank.com/intermediaries/contact-us.html]
[gatehousebank.com/insights.html]
[gatehousebank.com/media-library.html]
[gatehousebank.com/about-us/meet-the-team-executives.html]
[gatehousebank.com/about-us/meet-our-board-of-directors.html]
[gatehousebank.com/about-us/shariah-supervisory-board.html]
[gatehousebank.com/about-us/csr-outreach-programmes.html]
[gatehousebank.com/about-us/corporate-governance.html]
[gatehousebank.com/about-us/associate-companies.html]
[gatehousebank.com/faqs58aa.html]
[gatehousebank.com/faqs14f6.html]
[gatehousebank.com/faqsf0c5.html]
[gatehousebank.com/faqs1f02.html]
[gatehousebank.com/faqs27aa.html]
[gatehousebank.com/faqs094e.html]
[gatehousebank.com/careers.html]
[gatehousebank.com/contact-us.html]
[gatehousebank.com/complaints-policy.html]
[gatehousebank.com/privacy-policy.html]
[gatehousebank.com/cookie-policy.html]
[gatehousebank.com/terms.html]
[gatehousebank.com/personal.html]
[gatehousebank.com/assets/css/gatehouse.min.css]
[gatehousebank.com/assets/js/gatehouse.min.js]
[gatehousebank.com/favicon/site.html]
[gatehousebank.com/favicon/safari-pinned-tab.svg]
[www.googletagmanager.com/gtm5445.html]
[gatehousebank.com/index.html]
[gatehousebank.com/assets/images/logo.svg]
[gatehousebank.com/assets/images/ico-user.svg]
[gatehousebank.com/images/hero/_760x602_crop_center-center_75_none/hero-faq.jpg]
[gatehousebank.com/balanced-banking.html]
[gatehousebank.com/faqs.html]
[gatehousebank.com/assets/images/ico-help.svg]
[gatehousebank.com/business/commercial-property-finance/commercial-property-finance-products-intermediaries.html]
[gatehousebank.com/business/commercial-property-finance/commercial-property-finance-faqs-1.html]
[gatehousebank.com/business/reia/investment-portfolio.html]
[gatehousebank.com/business/reia/realised-investments.html]
[gatehousebank.com/images/hero/hero-mobile/_576xAUTO_scale_bottom-center_75_none/Creative-Man-on-Floor_Mobile_Arrow_72dpi_945671544_181025_112027.jpg]
[gatehousebank.com/images/hero/_1600xAUTO_scale_center-center_75_none/3Creative-Man-on-Floor_Desktop_Arrow_72dpi_945671544.jpg]
[gatehousebank.com/images/content/_480xAUTO_scale_center-center_85_none/Man-in-Interview_Content_72dpi_578161141.jpg]
[gatehousebank.com/business.html]
[gatehousebank.com/intermediaries/calculators/amount.html]
[gatehousebank.com/intermediaries/calculators/cost-them.html]
[gatehousebank.com/intermediaries/calculators/btl-yield.html]
[gatehousebank.com/intermediaries/calculators/btl-affordability.html]
[gatehousebank.com/buy-to-let-product-page-intermediary.html]
[gatehousebank.com/home-purchase-plan-products-intermediaries.html]
[gatehousebank.com/intermediaries/products/products-tables.html]
[gatehousebank.com/intermediaries/resources.html]
[gatehousebank.com/intermediaries/resources/forms-for-download.html]
[gatehousebank.com/intermediaries/intermediaries-faqs-1.html]
[gatehousebank.com/intermediaries/news.html]
[gatehousebank.com/assets/images/intermediaries.png]
[gatehousebank.com/intermediaries/intermediaries-faqs.html]
[gatehousebank.com/intermediaries/news/gatehouse-bank-launches-home-purchase-plans.html]
[gatehousebank.com/intermediaries/news/gatehouse-bank-launches-commercial-property-finance.html]
[gatehousebank.com/home-purchase-plan-products-intermediaries0d9c.html]
[gatehousebank.com/downloads/Home-Purchase-Plan-Criteria-6-March-2019.pdf]
[gatehousebank.com/downloads/UK-BTL-Criteria-Guide-30-Jan-2019.pdf]
[gatehousebank.com/downloads/BTL-Expat-International-Criteria-Guide-30-Jan-2019.pdf]
[gatehousebank.com/downloads/commercial-property-finance-criteria-CPC51218VF2.pdf]
[gatehousebank.com/intermediaries.html]
[gatehousebank.com/images/hero/hero-mobile/_576xAUTO_scale_bottom-center_75_none/Family-Walk-Woods_Mobile_Arrow_72dpi_398306233.jpg]
[gatehousebank.com/images/hero/_1600xAUTO_scale_center-center_75_none/Family-Walk-Woods_Desktop_Arrow_72dpi_398306233.jpg]
[gatehousebank.com/images/hero/BW-shutterstock_114133954_mob.jpg]
[gatehousebank.com/images/content/Family-in-Kitchen_Content_72dpi_968890264.jpg]
[gatehousebank.com/images/content/Man-in-Office_Content_72dpi_499508872.jpg]
[gatehousebank.com/images/content/_480xAUTO_scale_center-center_85_none/Business-at-Table_Content_72dpi_204774604.jpg]
[gatehousebank.com/about-us.html]
[gatehousebank.com/news9d97.html]
[gatehousebank.com/news4310.html]
[gatehousebank.com/news4514.html]
[gatehousebank.com/news0d48.html]
[gatehousebank.com/newsff31.html]
[gatehousebank.com/newsef45.html]
[gatehousebank.com/news58a0.html]
[gatehousebank.com/newsd14f.html]
[gatehousebank.com/news1e1c.html]
[gatehousebank.com/news1f02.html]
[gatehousebank.com/news96dd.html]
[gatehousebank.com/newsf452.html]
[gatehousebank.com/newsee03.html]
[gatehousebank.com/news5a68.html]
[gatehousebank.com/newsafcf.html]
[gatehousebank.com/images/content/DSC_6442.jpg]
[gatehousebank.com/news/gatehouse-bank-appoints-director-of-home-finance-distribution.html]
[gatehousebank.com/news/first-time-buyer-appetite-to-chase-the-market-collapses-in-just-12-months.html]
[gatehousebank.com/news/average-easy-access-saver-lost-nearly-500-in-2018-1.html]
[gatehousebank.com/news/gatehouse-bank-expands-home-finance-team-with-three-new-appointments.html]
[gatehousebank.com/news/average-easy-access-saver-lost-nearly-500-in-2018.html]
[gatehousebank.com/news/gatehouse-bank-relaunches-table-topping-1-year-savings-account-offering-2-10.html]
[gatehousebank.com/news/gatehouse-bank-crosses-100m-commercial-finance-milestone-in-2018.html]
[gatehousebank.com/news.html]
[gatehousebank.com/news/p2.html]
[gatehousebank.com/images/hero/hero-mobile/_576xAUTO_scale_bottom-center_75_none/Couple-Piggy-Back_Mobile_Arrow_72dpi_114133954.jpg]
[gatehousebank.com/images/hero/_1600xAUTO_scale_center-center_75_none/Couple-Piggy-Back_Desktop_Arrow_72dpi_114133954.jpg]
[gatehousebank.com/personal/savings.html]
[gatehousebank.com/personal/savings/notice-accounts.html]
[gatehousebank.com/downloads/31-Day-Notice-Account-Key-Product-Information.pdf]
[gatehousebank.com/personal/savings/notice-accounts/31-day-notice-account.html]
[gatehousebank.com/downloads/60-Day-Notice-Account-Key-Product-Information.pdf]
[gatehousebank.com/personal/savings/notice-accounts/60-day-notice-account.html]
[gatehousebank.com/downloads/95-Day-Notice-Account-Key-Product-Information.pdf]
[gatehousebank.com/personal/savings/notice-accounts/95-day-notice-account.html]
[gatehousebank.com/downloads/120-Day-Notice-Account-Key-Product-Information.pdf]
[gatehousebank.com/personal/savings/notice-accounts/120-day-notice-account.html]
[gatehousebank.com/personal/savings/fixed-term-deposits.html]
[gatehousebank.com/downloads/1-Year-FTD-Account-Key-Product-Information.pdf]
[gatehousebank.com/personal/savings/fixed-term-deposits/1-year-fixed-term-deposit.html]
[gatehousebank.com/downloads/2-Year-FTD-Account-Key-Product-Information.pdf]
[gatehousebank.com/personal/savings/fixed-term-deposits/2-year-fixed-term-deposit.html]
[gatehousebank.com/downloads/3-Year-FTD-Account-Key-Product-Information.pdf]
[gatehousebank.com/personal/savings/fixed-term-deposits/3-year-fixed-term-deposit.html]
[gatehousebank.com/downloads/5-Year-FTD-Account-Key-Product-Information.pdf]
[gatehousebank.com/personal/savings/fixed-term-deposits/5-year-fixed-term-deposit.html]
[gatehousebank.com/personal/savings/how-to-apply.html]
[gatehousebank.com/faqs26ba.html]
[gatehousebank.com/downloads/Gatehouse-Bank-Savings-Terms-and-Conditions-v2.pdf]
[gatehousebank.com/downloads/Change-of-Details.pdf]
[gatehousebank.com/downloads/Complaints-Policy.pdf]
[gatehousebank.com/downloads/Account-Charges.pdf]
[gatehousebank.com/downloads/Acceptable-Proof-ID-and-Residence.pdf]
[gatehousebank.com/downloads/Addition-of-Second-Account-Holder-March-2019.pdf]
[gatehousebank.com/downloads/Gatehouse-Bank-Historic-Expected-Profit-Rates-Fixed-Term-Deposits.pdf]
[gatehousebank.com/downloads/Gatehouse-Bank-Historic-Expected-Profit-Rates-Fixed-Term-Deposits-Loyalty-Rates.pdf]
[gatehousebank.com/downloads/Gatehouse-Bank-Historic-Expected-Profit-Rates-Notice-Accounts.pdf]
[gatehousebank.com/personal/savings/useful-docs.html]
[gatehousebank.com/personal/savings/savings-faqs.html]
[gatehousebank.com/insights3c03.html]
[gatehousebank.com/images/hero/_560xAUTO_scale_center-center_75_none/GettyImages-554992067-GREY.jpg]
[gatehousebank.com/insights/shariah-property-finance-explained.html]
[gatehousebank.com/images/hero/hero-mobile/_576xAUTO_scale_bottom-center_75_none/Family-Tent_Mobile_Arrow_554992067.jpg]
[gatehousebank.com/images/hero/_1600xAUTO_scale_center-center_75_none/Family-Tent_Desktop_Arrow_72dpi_554992067.jpg]
[gatehousebank.com/personal/home-finance.html]
[gatehousebank.com/personal/home-finance/calculators.html]
[gatehousebank.com/personal/home-finance/calculators/cost-me.html]
[gatehousebank.com/personal/home-finance/calculators/amount.html]
[gatehousebank.com/downloads/Tariff-of-Charges-HPP-BTL-combined-6-March-2019_190306_100846.pdf]
[gatehousebank.com/personal/home-finance/home-finance-products.html]
[gatehousebank.com/personal/home-finance/enquire-about-and-apply-1.html]
[gatehousebank.com/personal/home-finance/home-purchase-plan-faqs.html]
[gatehousebank.com/images/hero/hero-mobile/_576xAUTO_scale_bottom-center_75_none/Buy-to-Let-Building_Mobile_Arrow_72dpi_158373320.jpg]
[gatehousebank.com/images/hero/_1600xAUTO_scale_center-center_75_none/Buy-to-Let-Building_Desktop_Arrow_72dpi_158373320.jpg]
[gatehousebank.com/personal/buy-to-let.html]
[gatehousebank.com/personal/buy-to-let/calculators.html]
[gatehousebank.com/personal/buy-to-let/calculators/buy-to-let-affordability.html]
[gatehousebank.com/personal/buy-to-let/calculators/cost-me.html]
[gatehousebank.com/personal/buy-to-let/calculators/rental-yield-calculator.html]
[gatehousebank.com/downloads/Tariff-of-Charges-HPP-BTL-combined-6-March-2019.pdf]
[gatehousebank.com/personal/buy-to-let/products.html]
[gatehousebank.com/personal/buy-to-let/apply.html]
[gatehousebank.com/personal/buy-to-let/buy-to-let-faqs.html]
[gatehousebank.com/assets/images/fscs-logo.svg]
[gatehousebank.com/images/content/_560xAUTO_scale_center-center_75_none/DSC_6442.jpg]
[gatehousebank.com/news/gatehouse-financial-group-celebrates-key-milestones.html]
[gatehousebank.com/news/opportunity-knocks-falling-flat-values-provide-opportunity-for-first-time-buyers.html]
[gatehousebank.com/news/gatehouse-bank-extends-home-finance-offering.html]
[gatehousebank.com/news/gatehouse-bank-launches-its-first-home-purchase-plan-product.html]
[gatehousebank.com/images/hero/_1600xAUTO_scale_center-center_75_none/BW-shutterstock_1043815093_181019_141157.jpg]
[gatehousebank.com/images/content/icons/ico-heart.png]
[gatehousebank.com/images/content/icons/ico-earth.png]
[gatehousebank.com/images/content/icons/ico-signs.png]
[gatehousebank.com/images/hero/_480xAUTO_scale_center-center_85_none/BW-shutterstock_1043815093_181019_141157.jpg]
[gatehousebank.com/downloads/Commercial-Deposit-Rates-March-GBP-Rates.pdf]
[gatehousebank.com/downloads/Commercial-Deposit-Rates-March-USD-Rates.pdf]
[gatehousebank.com/images/hero/_480xAUTO_scale_center-center_85_none/shutterstock_158401916.jpg_181127_112816.png]
[gatehousebank.com/images/staff/_384x384_crop_center-center_75_none/TT2015.jpg]
[gatehousebank.com/images/staff/_384x384_crop_center-center_75_none/MH0817.jpg]
[gatehousebank.com/business/corporate-deposits.html]
[gatehousebank.com/images/hero/hero-mobile/_576xAUTO_scale_bottom-center_75_none/High-Street-Shops_Mobile_Arrow_72dpi_718371739.jpg]
[gatehousebank.com/images/hero/_1600xAUTO_scale_center-center_75_none/High-Street-Shops_Desktop_Arrow_72dpi_718371739.jpg]
[gatehousebank.com/business/commercial-property-finance.html]
[gatehousebank.com/images/hero/hero-mobile/_576xAUTO_scale_bottom-center_75_none/Skyscrapers_Mobile_Arrow_72dpi_318021161.jpg]
[gatehousebank.com/images/hero/_1600xAUTO_scale_center-center_75_none/Skyscrapers_Desktop_Arrow_72dpi_318021161.jpg]
[gatehousebank.com/business/commercial-real-estate-finance.html]
[gatehousebank.com/images/hero/hero-mobile/_576xAUTO_scale_bottom-center_75_none/Housing-Estate_Mobile_Arrow_72dpi_209608081.jpg]
[gatehousebank.com/images/hero/_1600xAUTO_scale_center-center_75_none/Housing-Estate_Desktop_Arrow_72dpi_209608081.jpg]
[gatehousebank.com/business/prs-build-to-rent.html]
[gatehousebank.com/business/reia.html]
[gatehousebank.com/intermediaries/calculators.html]
[gatehousebank.com/intermediaries/products.html]
[gatehousebank.com/intermediaries/criteria.html]
[gatehousebank.com/intermediaries/why-gatehouse.html]
[gatehousebank.com/images/staff/_384x384_crop_center-center_75_none/Faisal.jpg]
[gatehousebank.com/images/staff/_384x384_crop_center-center_75_none/Sim.jpg]
[gatehousebank.com/images/staff/_384x384_crop_center-center_75_none/Zeenat2.jpg]
[gatehousebank.com/images/staff/_384x384_crop_center-center_75_none/Chelsea.jpg]
[gatehousebank.com/images/staff/_384x384_crop_center-center_75_none/junaid.jpg]
[gatehousebank.com/images/staff/_384x384_crop_center-center_75_none/salman.jpg]
[gatehousebank.com/images/staff/_384x384_crop_center-center_75_none/Mehwish.jpg]
[gatehousebank.com/images/staff/_384x384_crop_center-center_75_none/lindseygriffiths.jpg]
[gatehousebank.com/intermediaries/contact-us.html]
[gatehousebank.com/insightsd9d1.html]
[gatehousebank.com/insights094e.html]
[gatehousebank.com/images/hero/GettyImages-554992067-GREY.jpg]
[gatehousebank.com/insights.html]
[www.gatehousebank.com/images/media/_364x364_crop_center-center_75_none/Charles-Haresnape-CEO-3.jpg]
[www.gatehousebank.com/images/media/_364x364_crop_center-center_75_none/Charles-Haresnape-CEO-2.jpg]
[www.gatehousebank.com/images/media/_364x364_crop_center-center_75_none/Charles-Haresnape-CEO-1.jpg]
[www.gatehousebank.com/images/media/_364x364_crop_center-center_75_none/Paul-Stockwell-Chief-Commercial-Officer.jpg]
[www.gatehousebank.com/images/media/_364x364_crop_center-center_75_none/Paul-Stockwell-CCO-2.jpg]
[www.gatehousebank.com/images/media/_364x364_crop_center-center_75_none/Tim-Blease-COO.jpg]
[www.gatehousebank.com/images/media/_364x364_crop_center-center_75_none/Danesh-Mahadeva-CFO.jpg]
[www.gatehousebank.com/images/media/_364x364_crop_center-center_75_none/Sharron-Harvey-HeadofHR.jpg]
[www.gatehousebank.com/images/media/_364x364_crop_center-center_75_none/Usman-Chaudry-CRO.jpg]
[www.gatehousebank.com/images/media/_364x364_crop_center-center_75_none/Mohaimin-Chowdhury-General-Counsel.jpg]
[www.gatehousebank.com/images/media/_364x364_crop_center-center_75_none/GatehouseLogo1.jpg]
[www.gatehousebank.com/images/media/_364x364_crop_center-center_75_none/GatehouseLogo_4.jpg]
[gatehousebank.com/media-library.html]
[gatehousebank.com/images/staff/_384x384_crop_center-center_75_none/charles2.jpg]
[gatehousebank.com/images/staff/_384x384_crop_center-center_75_none/Danesh.jpg]
[gatehousebank.com/images/staff/_384x384_crop_center-center_75_none/Usman2.jpg]
[gatehousebank.com/images/staff/_384x384_crop_center-center_75_none/Paul.jpg]
[gatehousebank.com/images/staff/_384x384_crop_center-center_75_none/Tim.jpg]
[gatehousebank.com/images/staff/_384x384_crop_center-center_75_none/Mohaimin2.jpg]
[gatehousebank.com/images/staff/_384x384_crop_center-center_75_none/Sharron2.jpg]
[gatehousebank.com/about-us/meet-the-team-executives.html]
[gatehousebank.com/images/staff/_384x384_crop_center-center_75_none/Fahed4.jpg]
[gatehousebank.com/images/staff/_384x384_crop_center-center_75_none/Gerald-gregory.jpg]
[gatehousebank.com/images/staff/_384x384_crop_center-center_75_none/Abdulaziz.jpg]
[gatehousebank.com/images/staff/_384x384_crop_center-center_75_none/Stephen-Smith2.jpg]
[gatehousebank.com/images/staff/_384x384_crop_center-center_75_none/Andy-Gray2.jpg]
[gatehousebank.com/about-us/meet-our-board-of-directors.html]
[gatehousebank.com/about-us/shariah-supervisory-board.html]
[gatehousebank.com/about-us/csr-outreach-programmes.html]
[gatehousebank.com/downloads/gatehousebankannualreport2017-wesbite2.pdf]
[gatehousebank.com/downloads/gfgannualreport2017final.pdf]
[gatehousebank.com/downloads/annualreport2016.pdf]
[gatehousebank.com/downloads/gfgannualreport2016.pdf]
[gatehousebank.com/downloads/annualreport2015_final.pdf]
[gatehousebank.com/downloads/gfgannualreport2015final_web.pdf]
[gatehousebank.com/downloads/gatehousebankannualreport2014-email.pdf]
[gatehousebank.com/downloads/annualreport2013web.pdf]
[gatehousebank.com/images/hero/gatehousebankpillariiidisclosure2017.pdf]
[gatehousebank.com/images/hero/ghbplc2015countrybycountryreport_webversion.pdf]
[gatehousebank.com/downloads/ghbplc2014countrybycountryreport_webversion.pdf]
[gatehousebank.com/about-us/corporate-governance.html]
[gatehousebank.com/images/staff/_384x384_crop_center-center_75_none/ghc.png]
[gatehousebank.com/images/staff/_384x384_crop_center-center_75_none/Ascend.jpg]
[gatehousebank.com/about-us/associate-companies.html]
[gatehousebank.com/faqs58aa.html]
[gatehousebank.com/faqs14f6.html]
[gatehousebank.com/faqsf0c5.html]
[gatehousebank.com/faqs1f02.html]
[gatehousebank.com/faqs27aa.html]
[gatehousebank.com/faqs094e.html]
[gatehousebank.com/images/content/_480xAUTO_scale_center-center_85_none/meeting-room-banter.jpg]
[gatehousebank.com/careers/senior-specialist-underwriter.html]
[gatehousebank.com/careers/head-of-finance.html]
[gatehousebank.com/careers/shariah-coordinator.html]
[gatehousebank.com/careers/associate.html]
[gatehousebank.com/careers/vp-real-estate.html]
[gatehousebank.com/careers/mi-analyst.html]
[gatehousebank.com/careers/analyst.html]
[gatehousebank.com/careers/completions-officer.html]
[gatehousebank.com/careers/head-of-finance-underwriting.html]
[gatehousebank.com/careers/direct-adviser.html]
[gatehousebank.com/careers/compliance-officer-1.html]
[gatehousebank.com/careers/compliance-adviser.html]
[gatehousebank.com/careers/underwriter.html]
[gatehousebank.com/careers.html]
[gatehousebank.com/careers/compliance-officer-1-1-1.html]
[gatehousebank.com/images/content/office-london.jpg]
[gatehousebank.com/images/content/MK-NEW-BW2.jpg]
[gatehousebank.com/images/content/Wilmslow-grey.jpg]
[gatehousebank.com/contact-us.html]
[gatehousebank.com/complaints-policy.html]
[gatehousebank.com/downloads/Privacy-Notice-v2.0-website-version-002.pdf]
[gatehousebank.com/privacy-policy.html]
[gatehousebank.com/cookie-policy.html]
[gatehousebank.com/terms.html]
[gatehousebank.com/assets/images/ico-search.svg]
[gatehousebank.com/assets/images/ico-fb.svg]
[gatehousebank.com/assets/images/ico-tw.svg]
[gatehousebank.com/assets/images/ico-in.svg]
[gatehousebank.com/assets/images/ico-plus.svg]
[gatehousebank.com/assets/images/ico-minus.svg]
[gatehousebank.com/assets/images/ico-download.svg]
[gatehousebank.com/assets/images/ico-plus-black.svg]
[gatehousebank.com/assets/images/ico-minus-black.svg]
[gatehousebank.com/assets/images/ico-download-black.svg]
[gatehousebank.com/assets/images/ico-question.svg]
[gatehousebank.com/assets/images/ico-question-black.svg]
[gatehousebank.com/assets/images/ico-send.svg]
[gatehousebank.com/assets/images/ico-arrow-left.svg]
[gatehousebank.com/assets/images/ico-arrow-left-black.svg]
[gatehousebank.com/assets/images/ico-user-black.svg]
[gatehousebank.com/assets/images/ico-arrow-right.svg]
[gatehousebank.com/assets/images/ico-send-black.svg]
[gatehousebank.com/assets/images/ico-arrow-right-black.svg]
[gatehousebank.com/assets/images/trapesium.svg]
[gatehousebank.com/assets/images/tick.svg]
[gatehousebank.com/xmedia/index.html]
[gatehousebank.com/images/media/index.html]
[gatehousebank.com/privacy-notice.html]
[gatehousebank.com/images/content/_480xAUTO_scale_center-center_85_none/balanced-savings.jpg]
[gatehousebank.com/images/content/_480xAUTO_scale_center-center_85_none/balanced-property.jpg]
[gatehousebank.com/images/content/_480xAUTO_scale_center-center_85_none/savings.jpg]
[gatehousebank.com/balanced-banking.html]
[gatehousebank.com/assets/images/ico-speech-2.svg]
[gatehousebank.com/business/commercial-property-finance/commercial-property-finance-products-intermediaries.html]
[gatehousebank.com/business/commercial-property-finance/commercial-property-finance-faqs-1.html]
[gatehousebank.com/images/realestate/greyhoundimage.jpg]
[gatehousebank.com/business/reia/greyhound-retail-park-chester-uk.html]
[gatehousebank.com/images/realestate/cenxlicawindsor.jpg]
[gatehousebank.com/business/reia/centrica-hq-windsor-uk.html]
[gatehousebank.com/images/realestate/sigma001.jpg]
[gatehousebank.com/business/reia/uk-private-rented-housing-portfolio-acquisition.html]
[gatehousebank.com/images/realestate/unileverimage.jpg]
[gatehousebank.com/business/reia/unilever-house-surrey-uk.html]
[gatehousebank.com/images/realestate/10-qsp_jpeg.jpg]
[gatehousebank.com/business/reia/10-queen-street-place-london-uk.html]
[gatehousebank.com/images/realestate/petrofac.jpg]
[gatehousebank.com/business/reia/investment-portfolio.html]
[gatehousebank.com/business/reia/petrofac-aberdeen-scotland-uk.html]
[gatehousebank.com/images/realestate/bt_leeds_2.jpg]
[gatehousebank.com/business/reia/bt-leeds-uk.html]
[gatehousebank.com/images/realestate/fountainbridge.png]
[gatehousebank.com/business/reia/fountainbridge-student-accommodation.html]
[gatehousebank.com/images/realestate/omegaimageweb.jpg]
[gatehousebank.com/business/reia/omega-plc-capitol-park-doncaster.html]
[gatehousebank.com/images/realestate/atos.png]
[gatehousebank.com/business/reia/atos.html]
[gatehousebank.com/images/realestate/adobe-maidenhead.jpg]
[gatehousebank.com/business/reia/adobe-emea-headquarters-maidenhead-uk.html]
[gatehousebank.com/images/realestate/tdgweb.jpg]
[gatehousebank.com/business/reia/tdg-eurocentral-scotland.html]
[gatehousebank.com/images/realestate/debenhams_leeds1.jpg]
[gatehousebank.com/business/reia/debenhams-leeds-uk.html]
[gatehousebank.com/images/realestate/bt-west-brom.jpg]
[gatehousebank.com/business/reia/bt-west-bromwich-england-uk.html]
[gatehousebank.com/images/realestate/watkin_jones_2_small.jpg]
[gatehousebank.com/business/reia/watkin-jones-student-accommodation.html]
[gatehousebank.com/images/realestate/intercon_image.jpg]
[gatehousebank.com/business/reia/intercontinental-hotels-group-hq.html]
[gatehousebank.com/images/realestate/rolls_roycex_inchinnan_cropped.jpg]
[gatehousebank.com/business/reia/rolls-royce-core-manufacturing-logistics-facility.html]
[gatehousebank.com/images/realestate/oxford-brooks.jpg]
[gatehousebank.com/business/reia/oxford-brookes-student-accomodation.html]
[gatehousebank.com/images/realestate/proctergamble_jpeg.jpg]
[gatehousebank.com/business/reia/procter-gamble-hq.html]
[gatehousebank.com/images/realestate/watkin_jones_1.jpg]
[gatehousebank.com/business/reia/realised-investments.html]
[gatehousebank.com/images/content/icons/ico-speech.svg]
[gatehousebank.com/intermediaries/calculators/amount.html]
[gatehousebank.com/business/reia/student-accommodation-liverpool-and-loughborough.html]
[gatehousebank.com/intermediaries/calculators/cost-them.html]
[gatehousebank.com/intermediaries/calculators/btl-yield.html]
[gatehousebank.com/intermediaries/calculators/btl-affordability.html]
[gatehousebank.com/buy-to-let-product-page-intermediary.html]
[gatehousebank.com/home-purchase-plan-products-intermediaries.html]
[gatehousebank.com/intermediaries/products/products-tables.html]
[gatehousebank.com/intermediaries/resources.html]
[gatehousebank.com/downloads/HPP-Product-Guide.pdf]
[gatehousebank.com/downloads/Buy-to-Let-product-guide-for-UK-residents-BTLPUK51218vF4.pdf]
[gatehousebank.com/downloads/Buy-to-Let-product-guide-for-ExpatsInternational-residents-BTLPEX51218VF4.pdf]
[gatehousebank.com/downloads/Commercial-Property-Finance-product-guide-CPPG060319vF3.pdf]
[gatehousebank.com/downloads/Commercial-Property-Finance-Application-form.pdf]
[gatehousebank.com/downloads/Copy-of-Commercial-Property-Portfolio-Schedule.xlsx]
[gatehousebank.com/intermediaries/resources/forms-for-download.html]
[gatehousebank.com/intermediaries/intermediaries-faqs-1.html]
[gatehousebank.com/intermediaries/news.html]
[gatehousebank.com/intermediaries/intermediaries-faqs.html]
[gatehousebank.com/intermediaries/news/gatehouse-bank-launches-home-purchase-plans.html]
[gatehousebank.com/intermediaries/news/gatehouse-bank-launches-commercial-property-finance.html]
[gatehousebank.com/images/content/icons/ico-trolley.svg]
[gatehousebank.com/home-purchase-plan-products-intermediaries0d9c.html]
[gatehousebank.com/images/content/icons/ico-book.svg]
[gatehousebank.com/images/content/icons/ico-calculator.svg]
[gatehousebank.com/images/content/icons/ico-mag.svg]
[gatehousebank.com/news/479-73012-gatehouse-bank-launches-commercial-property-financ.html]
[gatehousebank.com/news/421-79130-uk-islamic-bonds-on-course-to-hit-578bn-in-asse.html]
[gatehousebank.com/news/414-61698-new-milton-keynes-customer-service-centre-paves-th.html]
[gatehousebank.com/news/397-70317-gatehouse-bank-announces-the-sale-of-omega-plc.html]
[gatehousebank.com/news9d97.html]
[gatehousebank.com/news/355-92819-minister-of-state-visits-manchester-private-rented.html]
[gatehousebank.com/news/443-68927-isas-increasingly-out-of-favour.html]
[gatehousebank.com/news/458-79562-good-news-on-inflation-may-delay-interest-rate-ris.html]
[gatehousebank.com/news/457-42402-savings-high-interest-accounts-if-youve-got.html]
[gatehousebank.com/news/454-96259-new-best-buy-1-year-bond-pays-2.html]
[gatehousebank.com/news/455-17491-savings-high-interest-accounts-if-youve-got.html]
[gatehousebank.com/news/436-75202-savings-watch-sharia-compliant-accounts.html]
[gatehousebank.com/news4310.html]
[gatehousebank.com/news/255-21869-economic-focus-magazine-published-by-the-arab-b.html]
[gatehousebank.com/images/staff/Courtney-Bowles.jpg]
[gatehousebank.com/news/477-12639-gatehouse-bank-appoints-courtney-bowles-as-finance.html]
[gatehousebank.com/news/475-30170-gatehouse-bank-appoints-specialist-finance-busines-1.html]
[gatehousebank.com/news/466-20776-gatehouse-bank-announces-key-home-finance-appointm.html]
[gatehousebank.com/news/461-63078-gatehouse-bank-appoints-director-of-communications.html]
[gatehousebank.com/news/460-79526-gatehouse-bank-expands-property-team.html]
[gatehousebank.com/news/434-57661-gatehouse-bank-expands-direct-finance-team.html]
[gatehousebank.com/news/426-92448-gatehouse-bank-launches-direct-finance-team.html]
[gatehousebank.com/news/400-54090-gatehouse-bank-expands-its-residential-home-financ.html]
[gatehousebank.com/news/395-39502-dr-usman-chaudry-joins-as-gatehouse-bank-cro.html]
[gatehousebank.com/news4514.html]
[gatehousebank.com/news/392-94209-gatehouse-bank-growing-its-team.html]
[gatehousebank.com/news/470-64918-dont-bank-on-it-savers-missing-out-up-to-465-a.html]
[gatehousebank.com/news/449-68209-are-you-missing-out-on-the-best-savings-rates.html]
[gatehousebank.com/news/435-89943-calls-for-more-shariah-compliant-products-on-compa.html]
[gatehousebank.com/news/422-46648-shariah-compliant-banking-and-financial-services-a.html]
[gatehousebank.com/news/419-17819-ethical-edges-it-gatehouse-bank-announces-table-t.html]
[gatehousebank.com/news0d48.html]
[gatehousebank.com/news/170-25702-gatehouse-bank-leads-the-way-in-product-innovation.html]
[www.gatehousebank.com/images/news/btonesovereignstreet-cropped.jpg]
[gatehousebank.com/newsff31.html]
[gatehousebank.com/news/159-98555-gatehouse-bank-promotes-financial-literacy-in-saud.html]
[gatehousebank.com/newsef45.html]
[gatehousebank.com/news/149-60719-kuwaiti-uk-bank-sets-an-example-in-ethical-corpora.html]
[gatehousebank.com/news/450-78810-islamic-and-shariah-compliant-finance-what-you-ne.html]
[gatehousebank.com/news/424-66999-gatehouse-bank-goes-live-with-bespoke-shariah-comp.html]
[gatehousebank.com/news/396-32317-gatehouse-bank-selects-new-it-partner.html]
[gatehousebank.com/news/370-84263-gatehouse-and-columbia-threadneedle-investments-pa.html]
[gatehousebank.com/news/342-62944-gatehouse-participates-in-high-profile-south-east.html]
[gatehousebank.com/news/339-85156-gatehouse-participates-in-high-profile-south-east.html]
[gatehousebank.com/news/324-52330-gatehouse-bank-posts-revenue-growth-of-20-for-201.html]
[gatehousebank.com/news/280-90404-gatehouse-bank-kuala-lumpur-hosts-majlis-berbuka-p.html]
[gatehousebank.com/news/262-90694-gatehouse-bank-reports-second-consecutive-year-of.html]
[gatehousebank.com/news58a0.html]
[gatehousebank.com/news/249-65116-gatehouse-bank-opens-new-client-investment-office.html]
[gatehousebank.com/newsd14f.html]
[gatehousebank.com/news/473-33405-gatehouse-banks-build-to-rent-scheme-wins-covet.html]
[gatehousebank.com/news1e1c.html]
[gatehousebank.com/news/307-50473-gatehouse-bank-completes-first-offshore-real-estat.html]
[gatehousebank.com/images/content/Winchester_cathedral_-_geograph.org.uk_-_1628919.jpg]
[gatehousebank.com/news/467-62404-winchester-is-home-to-the-most-vulnerable-landlord.html]
[gatehousebank.com/news1f02.html]
[gatehousebank.com/news/401-15559-gatehouse-bank-partners-with-blueprint-real-estate.html]
[gatehousebank.com/news/472-61310-gatehouse-bank-announces-savings-partnership-with.html]
[gatehousebank.com/news/468-92228-gatehouse-bank-announces-increase-to-savings-rates.html]
[gatehousebank.com/news/440-80886-gatehouses-top-3-and-5-yr-fixed-bonds.html]
[gatehousebank.com/news/441-68606-top-savings-accounts-where-to-find-the-best-rates.html]
[gatehousebank.com/news/444-30618-isas-fall-out-of-favour-with-savers.html]
[gatehousebank.com/news/456-46380-gatehouse-raises-rate-on-one-year-ftd-account.html]
[gatehousebank.com/news/452-75122-gatehouse-bank-reveals-table-topping-one-year-savi.html]
[gatehousebank.com/news/447-81462-it-is-vital-for-comparison-sites-to-include.html]
[gatehousebank.com/news/430-19127-gatehouse-bank-raises-rate-on-one-year-ftd-account.html]
[gatehousebank.com/news96dd.html]
[gatehousebank.com/news/423-57012-high-street-favourites-eclipsed-by-uk-challenger-b.html]
[gatehousebank.com/newsf452.html]
[gatehousebank.com/news/354-33421-gatehouse-launches-residential-property-finance-of.html]
[gatehousebank.com/news/363-28333-gatehouse-announces-completion-of-100m-prs-schem.html]
[gatehousebank.com/newsee03.html]
[gatehousebank.com/news5a68.html]
[gatehousebank.com/news/347-38117-gatehouse-announces-further-investment-into-privat.html]
[gatehousebank.com/images/news/sharronharveyheadofhrandapprentices-2.jpg]
[gatehousebank.com/newsafcf.html]
[gatehousebank.com/news/471-69985-gatehouse-bank-invests-in-the-future-of-uk-financi.html]
[gatehousebank.com/images/content/_AUTOx420_scale_center-center_75_none/Roger-Evans2.jpg]
[gatehousebank.com/news/gatehouse-bank-appoints-director-of-home-finance-distribution.html]
[gatehousebank.com/news/first-time-buyer-appetite-to-chase-the-market-collapses-in-just-12-months.html]
[gatehousebank.com/news/average-easy-access-saver-lost-nearly-500-in-2018-1.html]
[gatehousebank.com/images/content/_560xAUTO_scale_center-center_75_none/From-left-Neha-Sonam-Ben.jpg]
[gatehousebank.com/news/gatehouse-bank-expands-home-finance-team-with-three-new-appointments.html]
[gatehousebank.com/news/average-easy-access-saver-lost-nearly-500-in-2018.html]
[gatehousebank.com/news/gatehouse-bank-relaunches-table-topping-1-year-savings-account-offering-2-10.html]
[gatehousebank.com/news/gatehouse-bank-crosses-100m-commercial-finance-milestone-in-2018.html]
[gatehousebank.com/news/gatehouse-bank-expands-home-finance-team-appointing-three-new-case-managers.html]
[gatehousebank.com/news/478-59219-gatehouse-bank-extends-support-for-uk-build-to-ren.html]
[gatehousebank.com/news/480-77920-gatehouse-bank-wins-home-finance-award.html]
[gatehousebank.com/news/p2.html]
[gatehousebank.com/assets/images/lock.svg]
[gatehousebank.com/images/content/31.svg]
[gatehousebank.com/images/content/60.svg]
[gatehousebank.com/images/content/95.svg]
[gatehousebank.com/images/content/120.svg]
[gatehousebank.com/assets/images/ico-tick.svg]
[gatehousebank.com/assets/images/ico-speech.svg]
[gatehousebank.com/images/content/cal1.svg]
[gatehousebank.com/images/content/cal2.svg]
[gatehousebank.com/images/content/cal3.svg]
[gatehousebank.com/images/content/cal5.svg]
[gatehousebank.com/images/content/icons/1.svg]
[gatehousebank.com/images/content/icons/2.svg]
[gatehousebank.com/images/content/icons/3.svg]
[gatehousebank.com/images/content/icons/4.svg]
[gatehousebank.com/faqs26ba.html]
[gatehousebank.com/insights3c03.html]
[gatehousebank.com/news/p3.html]
[gatehousebank.com/news/gatehouse-bank-launches-its-first-home-purchase-plan-product.html]
[gatehousebank.com/insightsd9d1.html]
[gatehousebank.com/insights094e.html]
[gatehousebank.com/careers/senior-specialist-underwriter.html]
[gatehousebank.com/careers/head-of-finance.html]
[gatehousebank.com/careers/shariah-coordinator.html]
[gatehousebank.com/careers/associate.html]
[gatehousebank.com/careers/vp-real-estate.html]
[gatehousebank.com/careers/mi-analyst.html]
[gatehousebank.com/careers/analyst.html]
[gatehousebank.com/careers/completions-officer.html]
[gatehousebank.com/careers/head-of-finance-underwriting.html]
[gatehousebank.com/careers/direct-adviser.html]
[gatehousebank.com/careers/compliance-officer-1.html]
[gatehousebank.com/careers/compliance-adviser.html]
[gatehousebank.com/careers/underwriter.html]
[gatehousebank.com/careers/compliance-officer-1-1-1.html]
[gatehousebank.com/privacy-notice.html]
[gatehousebank.com/images/realestate/_560xAUTO_scale_center-center_75_none/greyhoundimage.jpg]
[gatehousebank.com/business/reia/greyhound-retail-park-chester-uk.html]
[gatehousebank.com/images/realestate/_560xAUTO_scale_center-center_75_none/cenxlicawindsor.jpg]
[gatehousebank.com/business/reia/centrica-hq-windsor-uk.html]
[gatehousebank.com/images/realestate/_560xAUTO_scale_center-center_75_none/sigma001.jpg]
[gatehousebank.com/business/reia/uk-private-rented-housing-portfolio-acquisition.html]
[gatehousebank.com/images/realestate/_560xAUTO_scale_center-center_75_none/unileverimage.jpg]
[gatehousebank.com/business/reia/unilever-house-surrey-uk.html]
[gatehousebank.com/images/realestate/_560xAUTO_scale_center-center_75_none/10-qsp_jpeg.jpg]
[gatehousebank.com/business/reia/10-queen-street-place-london-uk.html]
[gatehousebank.com/images/realestate/_560xAUTO_scale_center-center_75_none/petrofac.jpg]
[gatehousebank.com/business/reia/petrofac-aberdeen-scotland-uk.html]
[gatehousebank.com/images/realestate/_560xAUTO_scale_center-center_75_none/bt_leeds_2.jpg]
[gatehousebank.com/business/reia/bt-leeds-uk.html]
[gatehousebank.com/images/realestate/_560xAUTO_scale_center-center_75_none/fountainbridge.png]
[gatehousebank.com/business/reia/fountainbridge-student-accommodation.html]
[gatehousebank.com/images/realestate/_560xAUTO_scale_center-center_75_none/omegaimageweb.jpg]
[gatehousebank.com/business/reia/omega-plc-capitol-park-doncaster.html]
[gatehousebank.com/images/realestate/_560xAUTO_scale_center-center_75_none/atos.png]
[gatehousebank.com/business/reia/atos.html]
[gatehousebank.com/images/realestate/_560xAUTO_scale_center-center_75_none/adobe-maidenhead.jpg]
[gatehousebank.com/business/reia/adobe-emea-headquarters-maidenhead-uk.html]
[gatehousebank.com/images/realestate/_560xAUTO_scale_center-center_75_none/tdgweb.jpg]
[gatehousebank.com/business/reia/tdg-eurocentral-scotland.html]
[gatehousebank.com/images/realestate/_560xAUTO_scale_center-center_75_none/debenhams_leeds1.jpg]
[gatehousebank.com/business/reia/debenhams-leeds-uk.html]
[gatehousebank.com/images/realestate/_560xAUTO_scale_center-center_75_none/bt-west-brom.jpg]
[gatehousebank.com/business/reia/bt-west-bromwich-england-uk.html]
[gatehousebank.com/images/realestate/_560xAUTO_scale_center-center_75_none/watkin_jones_2_small.jpg]
[gatehousebank.com/business/reia/watkin-jones-student-accommodation.html]
[gatehousebank.com/images/realestate/_560xAUTO_scale_center-center_75_none/intercon_image.jpg]
[gatehousebank.com/business/reia/intercontinental-hotels-group-hq.html]
[gatehousebank.com/images/realestate/_560xAUTO_scale_center-center_75_none/rolls_roycex_inchinnan_cropped.jpg]
[gatehousebank.com/business/reia/rolls-royce-core-manufacturing-logistics-facility.html]
[gatehousebank.com/images/realestate/_560xAUTO_scale_center-center_75_none/oxford-brooks.jpg]
[gatehousebank.com/business/reia/oxford-brookes-student-accomodation.html]
[gatehousebank.com/images/realestate/_560xAUTO_scale_center-center_75_none/proctergamble_jpeg.jpg]
[gatehousebank.com/business/reia/procter-gamble-hq.html]
[gatehousebank.com/images/realestate/_560xAUTO_scale_center-center_75_none/watkin_jones_1.jpg]
[gatehousebank.com/business/reia/student-accommodation-liverpool-and-loughborough.html]
[gatehousebank.com/news/479-73012-gatehouse-bank-launches-commercial-property-financ.html]
[gatehousebank.com/news/421-79130-uk-islamic-bonds-on-course-to-hit-578bn-in-asse.html]
[gatehousebank.com/images/news/_560xAUTO_scale_center-center_75_none/ghb-fromleft-charlesharesnape-mayorofmiltonkeynes-fahedboodailowres.jpg]
[gatehousebank.com/news/414-61698-new-milton-keynes-customer-service-centre-paves-th.html]
[gatehousebank.com/images/news/_560xAUTO_scale_center-center_75_none/omega.jpg]
[gatehousebank.com/news/397-70317-gatehouse-bank-announces-the-sale-of-omega-plc.html]
[gatehousebank.com/images/news/_AUTOx420_scale_center-center_75_none/image2.jpg]
[gatehousebank.com/news/355-92819-minister-of-state-visits-manchester-private-rented.html]
[gatehousebank.com/news/443-68927-isas-increasingly-out-of-favour.html]
[gatehousebank.com/news/458-79562-good-news-on-inflation-may-delay-interest-rate-ris.html]
[gatehousebank.com/news/457-42402-savings-high-interest-accounts-if-youve-got.html]
[gatehousebank.com/news/454-96259-new-best-buy-1-year-bond-pays-2.html]
[gatehousebank.com/news/455-17491-savings-high-interest-accounts-if-youve-got.html]
[gatehousebank.com/news/436-75202-savings-watch-sharia-compliant-accounts.html]
[gatehousebank.com/images/news/_AUTOx420_scale_center-center_75_none/efapr2014.jpg]
[gatehousebank.com/news/255-21869-economic-focus-magazine-published-by-the-arab-b.html]
[gatehousebank.com/images/staff/_560xAUTO_scale_center-center_75_none/Courtney-Bowles.jpg]
[gatehousebank.com/news/477-12639-gatehouse-bank-appoints-courtney-bowles-as-finance.html]
[gatehousebank.com/images/staff/_560xAUTO_scale_center-center_75_none/Zeenat.-Shaffi3.jpg]
[gatehousebank.com/news/475-30170-gatehouse-bank-appoints-specialist-finance-busines-1.html]
[gatehousebank.com/images/news/_AUTOx420_scale_center-center_75_none/karen-faulkner.jpg]
[gatehousebank.com/news/466-20776-gatehouse-bank-announces-key-home-finance-appointm.html]
[gatehousebank.com/images/news/_AUTOx420_scale_center-center_75_none/andy-lowres.jpg]
[gatehousebank.com/news/461-63078-gatehouse-bank-appoints-director-of-communications.html]
[gatehousebank.com/images/news/_560xAUTO_scale_center-center_75_none/Mustafa__Nisha_Grey.jpg]
[gatehousebank.com/news/460-79526-gatehouse-bank-expands-property-team.html]
[gatehousebank.com/news/434-57661-gatehouse-bank-expands-direct-finance-team.html]
[gatehousebank.com/images/news/_560xAUTO_scale_center-center_75_none/gemmadonelly.jpg]
[gatehousebank.com/news/426-92448-gatehouse-bank-launches-direct-finance-team.html]
[gatehousebank.com/news/400-54090-gatehouse-bank-expands-its-residential-home-financ.html]
[gatehousebank.com/news/395-39502-dr-usman-chaudry-joins-as-gatehouse-bank-cro.html]
[gatehousebank.com/images/news/_AUTOx420_scale_center-center_75_none/mehwishmirza-greyscale.jpg]
[gatehousebank.com/news/392-94209-gatehouse-bank-growing-its-team.html]
[gatehousebank.com/news/470-64918-dont-bank-on-it-savers-missing-out-up-to-465-a.html]
[gatehousebank.com/news/449-68209-are-you-missing-out-on-the-best-savings-rates.html]
[gatehousebank.com/news/435-89943-calls-for-more-shariah-compliant-products-on-compa.html]
[gatehousebank.com/images/news/_560xAUTO_scale_center-center_75_none/charlesharesnape-ceogatehousebank-lowres.jpg]
[gatehousebank.com/news/422-46648-shariah-compliant-banking-and-financial-services-a.html]
[gatehousebank.com/news/419-17819-ethical-edges-it-gatehouse-bank-announces-table-t.html]
[gatehousebank.com/news/170-25702-gatehouse-bank-leads-the-way-in-product-innovation.html]
[gatehousebank.com/news/159-98555-gatehouse-bank-promotes-financial-literacy-in-saud.html]
[gatehousebank.com/images/news/_560xAUTO_scale_center-center_75_none/mosaic-l.jpg]
[gatehousebank.com/news/149-60719-kuwaiti-uk-bank-sets-an-example-in-ethical-corpora.html]
[gatehousebank.com/news/450-78810-islamic-and-shariah-compliant-finance-what-you-ne.html]
[gatehousebank.com/news/424-66999-gatehouse-bank-goes-live-with-bespoke-shariah-comp.html]
[gatehousebank.com/news/396-32317-gatehouse-bank-selects-new-it-partner.html]
[gatehousebank.com/news/370-84263-gatehouse-and-columbia-threadneedle-investments-pa.html]
[gatehousebank.com/news/342-62944-gatehouse-participates-in-high-profile-south-east.html]
[gatehousebank.com/news/339-85156-gatehouse-participates-in-high-profile-south-east.html]
[gatehousebank.com/news/324-52330-gatehouse-bank-posts-revenue-growth-of-20-for-201.html]
[gatehousebank.com/images/news/_560xAUTO_scale_center-center_75_none/gatehousebankkliftar.jpg]
[gatehousebank.com/news/280-90404-gatehouse-bank-kuala-lumpur-hosts-majlis-berbuka-p.html]
[gatehousebank.com/images/news/_560xAUTO_scale_center-center_75_none/dsf3184.jpg]
[gatehousebank.com/news/262-90694-gatehouse-bank-reports-second-consecutive-year-of.html]
[gatehousebank.com/images/news/_560xAUTO_scale_center-center_75_none/fahed_boodai.jpg]
[gatehousebank.com/news/249-65116-gatehouse-bank-opens-new-client-investment-office.html]
[gatehousebank.com/news/473-33405-gatehouse-banks-build-to-rent-scheme-wins-covet.html]
[gatehousebank.com/news/307-50473-gatehouse-bank-completes-first-offshore-real-estat.html]
[gatehousebank.com/news0279.html]
[gatehousebank.com/news6a2a.html]
[gatehousebank.com/newsd053.html]
[gatehousebank.com/images/content/_560xAUTO_scale_center-center_75_none/Winchester_cathedral_-_geograph.org.uk_-_1628919.jpg]
[gatehousebank.com/news/467-62404-winchester-is-home-to-the-most-vulnerable-landlord.html]
[gatehousebank.com/images/news/_560xAUTO_scale_center-center_75_none/mrmeshalmrpaulstockwell-copy.jpg]
[gatehousebank.com/news/401-15559-gatehouse-bank-partners-with-blueprint-real-estate.html]
[gatehousebank.com/news/472-61310-gatehouse-bank-announces-savings-partnership-with.html]
[gatehousebank.com/news/468-92228-gatehouse-bank-announces-increase-to-savings-rates.html]
[gatehousebank.com/news/440-80886-gatehouses-top-3-and-5-yr-fixed-bonds.html]
[gatehousebank.com/news/441-68606-top-savings-accounts-where-to-find-the-best-rates.html]
[gatehousebank.com/news/444-30618-isas-fall-out-of-favour-with-savers.html]
[gatehousebank.com/news/456-46380-gatehouse-raises-rate-on-one-year-ftd-account.html]
[gatehousebank.com/news/452-75122-gatehouse-bank-reveals-table-topping-one-year-savi.html]
[gatehousebank.com/news/447-81462-it-is-vital-for-comparison-sites-to-include.html]
[gatehousebank.com/news/430-19127-gatehouse-bank-raises-rate-on-one-year-ftd-account.html]
[gatehousebank.com/news/423-57012-high-street-favourites-eclipsed-by-uk-challenger-b.html]
[gatehousebank.com/news/354-33421-gatehouse-launches-residential-property-finance-of.html]
[gatehousebank.com/news/363-28333-gatehouse-announces-completion-of-100m-prs-schem.html]
[gatehousebank.com/news/347-38117-gatehouse-announces-further-investment-into-privat.html]
[gatehousebank.com/images/news/_560xAUTO_scale_center-center_75_none/sharronharveyheadofhrandapprentices-2.jpg]
[gatehousebank.com/news/471-69985-gatehouse-bank-invests-in-the-future-of-uk-financi.html]
[gatehousebank.com/news/gatehouse-bank-expands-home-finance-team-appointing-three-new-case-managers.html]
[gatehousebank.com/news/478-59219-gatehouse-bank-extends-support-for-uk-build-to-ren.html]
[gatehousebank.com/news/264-18748-gatehouse-bank-wins-resi-deal-of-the-year-award.html]
[gatehousebank.com/news/480-77920-gatehouse-bank-wins-home-finance-award.html]
[gatehousebank.com/news/154-94068-gatehouse-bank-wins-best-bank-at-islamic-bus.html]
[gatehousebank.com/news/469-91695-gatehouse-bank-concludes-sale-of-bts-leeds-headqu.html]
[gatehousebank.com/news/p3.html]
[gatehousebank.com/news0279.html]
[gatehousebank.com/news6a2a.html]
[gatehousebank.com/newsd053.html]
[gatehousebank.com/news/p4.html]
[gatehousebank.com/images/news/_560xAUTO_scale_center-center_75_none/resi_2014_lr_012.jpg]
[gatehousebank.com/news/264-18748-gatehouse-bank-wins-resi-deal-of-the-year-award.html]
[gatehousebank.com/images/news/_560xAUTO_scale_center-center_75_none/ibf2012logo.jpg]
[gatehousebank.com/news/154-94068-gatehouse-bank-wins-best-bank-at-islamic-bus.html]
[gatehousebank.com/images/news/_560xAUTO_scale_center-center_75_none/btonesovereignstreet-cropped.jpg]
[gatehousebank.com/news/415-88927-gatehouse-bank-concludes-the-sale-of-fountainbridg.html]
[gatehousebank.com/news/413-89796-gatehouse-group-facilitates-the-acquisition-of-a-1.html]
[gatehousebank.com/news/353-64991-gatehouse-completes-21-million-financing-of-lond.html]
[gatehousebank.com/news/469-91695-gatehouse-bank-concludes-sale-of-bts-leeds-headqu.html]
[gatehousebank.com/news/352-64040-gatehouse-completes-20-million-financing-for-mil.html]
[gatehousebank.com/news/p4.html]
[gatehousebank.com/news/415-88927-gatehouse-bank-concludes-the-sale-of-fountainbridg.html]
[gatehousebank.com/news/413-89796-gatehouse-group-facilitates-the-acquisition-of-a-1.html]
[gatehousebank.com/news/353-64991-gatehouse-completes-21-million-financing-of-lond.html]
[gatehousebank.com/news/352-64040-gatehouse-completes-20-million-financing-for-mil.html]
[gatehousebank.com/news/p5.html]
[gatehousebank.com/news/p5.html]
[gatehousebank.com/news/p6.html]
[gatehousebank.com/news/384-82408-gatehouse-bank-grows-its-residential-property-fina.html]
[gatehousebank.com/news/p6.html]
[gatehousebank.com/news/384-82408-gatehouse-bank-grows-its-residential-property-fina.html]
[gatehousebank.com/news/p7.html]
[www.gatehousebank.com/images/news/kennyorpin.jpg]
[gatehousebank.com/news/p7.html]
